--------------------------------------------------------------------------------
Release 14.7 Trace  (lin64)
Copyright (c) 1995-2013 Xilinx, Inc.  All rights reserved.

/opt/Xilinx/14.7/ISE_DS/ISE/bin/lin64/unwrapped/trce -intstyle ise -v 3 -s 2 -n
3 -fastpaths -xml topLevel.twx topLevel.ncd -o topLevel.twr topLevel.pcf -ucf
topLevel.ucf

Design file:              topLevel.ncd
Physical constraint file: topLevel.pcf
Device,package,speed:     xc6slx9,csg324,C,-2 (PRODUCTION 1.23 2013-10-13)
Report level:             verbose report

Environment Variable      Effect 
--------------------      ------ 
NONE                      No environment variables were set
--------------------------------------------------------------------------------

INFO:Timing:2698 - No timing constraints found, doing default enumeration.
INFO:Timing:3412 - To improve timing, see the Timing Closure User Guide (UG612).
INFO:Timing:2752 - To get complete path coverage, use the unconstrained paths 
   option. All paths that are not constrained will be reported in the 
   unconstrained paths section(s) of the report.
INFO:Timing:3339 - The clock-to-out numbers in this timing report are based on 
   a 50 Ohm transmission line loading model.  For the details of this model, 
   and for more information on accounting for different loading conditions, 
   please see the device datasheet.



Data Sheet report:
-----------------
All values displayed in nanoseconds (ns)

Setup/Hold to clock clk
------------+------------+------------+------------+------------+------------------+--------+
            |Max Setup to|  Process   |Max Hold to |  Process   |                  | Clock  |
Source      | clk (edge) |   Corner   | clk (edge) |   Corner   |Internal Clock(s) | Phase  |
------------+------------+------------+------------+------------+------------------+--------+
enable      |    2.364(R)|      SLOW  |    2.404(R)|      SLOW  |clk_BUFGP         |   0.000|
------------+------------+------------+------------+------------+------------------+--------+

Clock clk to Pad
------------+-----------------+------------+-----------------+------------+------------------+--------+
            |Max (slowest) clk|  Process   |Min (fastest) clk|  Process   |                  | Clock  |
Destination |  (edge) to PAD  |   Corner   |  (edge) to PAD  |   Corner   |Internal Clock(s) | Phase  |
------------+-----------------+------------+-----------------+------------+------------------+--------+
test<0>     |        23.673(R)|      SLOW  |         7.055(R)|      FAST  |clk_BUFGP         |   0.000|
test<1>     |        23.172(R)|      SLOW  |         7.049(R)|      FAST  |clk_BUFGP         |   0.000|
test<2>     |        23.028(R)|      SLOW  |         6.350(R)|      FAST  |clk_BUFGP         |   0.000|
test<3>     |        22.847(R)|      SLOW  |         6.406(R)|      FAST  |clk_BUFGP         |   0.000|
test<4>     |        23.042(R)|      SLOW  |         6.760(R)|      FAST  |clk_BUFGP         |   0.000|
test<5>     |        23.040(R)|      SLOW  |         6.438(R)|      FAST  |clk_BUFGP         |   0.000|
test<6>     |        22.307(R)|      SLOW  |         6.602(R)|      FAST  |clk_BUFGP         |   0.000|
test<7>     |        21.907(R)|      SLOW  |         6.113(R)|      FAST  |clk_BUFGP         |   0.000|
------------+-----------------+------------+-----------------+------------+------------------+--------+

Clock to Setup on destination clock clk
---------------+---------+---------+---------+---------+
               | Src:Rise| Src:Fall| Src:Rise| Src:Fall|
Source Clock   |Dest:Rise|Dest:Rise|Dest:Fall|Dest:Fall|
---------------+---------+---------+---------+---------+
clk            |   18.169|         |         |         |
---------------+---------+---------+---------+---------+

Pad to Pad
---------------+---------------+---------+
Source Pad     |Destination Pad|  Delay  |
---------------+---------------+---------+
btn1           |test<0>        |   11.074|
btn1           |test<1>        |   11.175|
btn1           |test<2>        |   11.222|
btn1           |test<3>        |   10.795|
btn1           |test<4>        |   11.641|
btn1           |test<5>        |   11.227|
btn1           |test<6>        |   10.628|
btn1           |test<7>        |   11.525|
btn2           |test<0>        |   11.714|
btn2           |test<1>        |   11.622|
btn2           |test<2>        |   11.400|
btn2           |test<3>        |   10.686|
btn2           |test<4>        |   11.893|
btn2           |test<5>        |   11.582|
btn2           |test<6>        |   10.873|
btn2           |test<7>        |   11.267|
btn3           |test<0>        |   11.708|
btn3           |test<1>        |   11.787|
btn3           |test<2>        |   11.748|
btn3           |test<3>        |   11.372|
btn3           |test<4>        |   11.662|
btn3           |test<5>        |   11.480|
btn3           |test<6>        |   10.859|
btn3           |test<7>        |   11.240|
---------------+---------------+---------+


Analysis completed Sat Jan 24 15:23:31 2026 
--------------------------------------------------------------------------------

Trace Settings:
-------------------------
Trace Settings 

Peak Memory Usage: 384 MB



