--------------------------------------------------------------------------------
Release 14.7 Trace  (lin64)
Copyright (c) 1995-2013 Xilinx, Inc.  All rights reserved.

/opt/Xilinx/14.7/ISE_DS/ISE/bin/lin64/unwrapped/trce -intstyle ise -v 3 -s 2 -n
3 -fastpaths -xml topLevel.twx topLevel.ncd -o topLevel.twr topLevel.pcf -ucf
topLevel.ucf

Design file:              topLevel.ncd
Physical constraint file: topLevel.pcf
Device,package,speed:     xc6slx9,csg324,C,-2 (PRODUCTION 1.23 2013-10-13)
Report level:             verbose report

Environment Variable      Effect 
--------------------      ------ 
NONE                      No environment variables were set
--------------------------------------------------------------------------------

INFO:Timing:2698 - No timing constraints found, doing default enumeration.
INFO:Timing:3412 - To improve timing, see the Timing Closure User Guide (UG612).
INFO:Timing:2752 - To get complete path coverage, use the unconstrained paths 
   option. All paths that are not constrained will be reported in the 
   unconstrained paths section(s) of the report.
INFO:Timing:3339 - The clock-to-out numbers in this timing report are based on 
   a 50 Ohm transmission line loading model.  For the details of this model, 
   and for more information on accounting for different loading conditions, 
   please see the device datasheet.



Data Sheet report:
-----------------
All values displayed in nanoseconds (ns)

Setup/Hold to clock clk
------------+------------+------------+------------+------------+------------------+--------+
            |Max Setup to|  Process   |Max Hold to |  Process   |                  | Clock  |
Source      | clk (edge) |   Corner   | clk (edge) |   Corner   |Internal Clock(s) | Phase  |
------------+------------+------------+------------+------------+------------------+--------+
enable      |    0.713(R)|      SLOW  |    1.250(R)|      SLOW  |clk_BUFGP         |   0.000|
------------+------------+------------+------------+------------+------------------+--------+

Clock clk to Pad
--------------+-----------------+------------+-----------------+------------+------------------+--------+
              |Max (slowest) clk|  Process   |Min (fastest) clk|  Process   |                  | Clock  |
Destination   |  (edge) to PAD  |   Corner   |  (edge) to PAD  |   Corner   |Internal Clock(s) | Phase  |
--------------+-----------------+------------+-----------------+------------+------------------+--------+
instruction<0>|        12.699(R)|      SLOW  |         5.605(R)|      FAST  |clk_BUFGP         |   0.000|
instruction<1>|        12.911(R)|      SLOW  |         5.514(R)|      FAST  |clk_BUFGP         |   0.000|
instruction<2>|        12.126(R)|      SLOW  |         5.123(R)|      FAST  |clk_BUFGP         |   0.000|
instruction<3>|        12.184(R)|      SLOW  |         5.007(R)|      FAST  |clk_BUFGP         |   0.000|
instruction<4>|        12.362(R)|      SLOW  |         5.328(R)|      FAST  |clk_BUFGP         |   0.000|
instruction<5>|        12.636(R)|      SLOW  |         5.362(R)|      FAST  |clk_BUFGP         |   0.000|
instruction<6>|        12.579(R)|      SLOW  |         5.358(R)|      FAST  |clk_BUFGP         |   0.000|
instruction<7>|        12.939(R)|      SLOW  |         5.520(R)|      FAST  |clk_BUFGP         |   0.000|
--------------+-----------------+------------+-----------------+------------+------------------+--------+

Clock to Setup on destination clock clk
---------------+---------+---------+---------+---------+
               | Src:Rise| Src:Fall| Src:Rise| Src:Fall|
Source Clock   |Dest:Rise|Dest:Rise|Dest:Fall|Dest:Fall|
---------------+---------+---------+---------+---------+
clk            |    1.619|         |         |         |
---------------+---------+---------+---------+---------+


Analysis completed Sat Jan 17 14:01:48 2026 
--------------------------------------------------------------------------------

Trace Settings:
-------------------------
Trace Settings 

Peak Memory Usage: 369 MB



